.next/dev/types/validator.ts(99,31): error TS2344: Type 'typeof import("C:/Code/system-design-playground/src/app/api/graphql/route")' does not satisfy the constraint 'RouteHandlerConfig<"/api/graphql">'.
  Types of property 'GET' are incompatible.
    Type '{ <HandlerReq extends NextApiRequest>(req: HandlerReq, res: NextApiResponse): Promise<unknown>; <HandlerReq extends NextRequest | Request>(req: HandlerReq, res?: undefined): Promise<...>; }' is not assignable to type '(request: NextRequest, context: { params: Promise<{}>; }) => void | Response | Promise<void | Response>'.
      Types of parameters 'res' and 'context' are incompatible.
        Type '{ params: Promise<{}>; }' is not assignable to type 'NextApiResponse'.
          Type '{ params: Promise<{}>; }' is missing the following properties from type 'ServerResponse<IncomingMessage>': statusCode, statusMessage, strictContentLength, assignSocket, and 63 more.
